CupBot Test Report 
Generated on: 29.08.2025 12:43:51,77 
 
Go Version: 
go version go1.21.8 windows/amd64
 
Coverage Summary: 
total:								(statements)		59.3%
 
